// Jest Snapshot v1, https://goo.gl/fbAQLP

exports[`Confirm renders basic Confirm correctly 1`] = `
<ForwardRef(forwardRef)
  message="确认删除吗？"
  onCancel={[MockFunction]}
  onOk={[MockFunction]}
  visible={true}
>
  <LocaleReceiver
    forwardedRef={null}
    message="确认删除吗？"
    onCancel={[MockFunction]}
    onOk={[MockFunction]}
    visible={true}
  >
    <ConfirmExtension
      cancelText="取消"
      locale={
        Object {
          "cancel": "取消",
          "confirm": "确定",
        }
      }
      localeCode="zh-cn"
      message="确认删除吗？"
      okText="确定"
      onCancel={[MockFunction]}
      onOk={[MockFunction]}
      prefixCls="ui-confirm"
      visible={true}
      width={270}
    >
      <Modal
        animationDuration={300}
        animationType="zoom"
        isRadius={false}
        isRound={false}
        minWidth={270}
        onKeyPress={[Function]}
        onMaskClick={[Function]}
        prefixCls="ui-modal"
        visible={true}
        width={270}
      >
        <Portal
          containerInfo={
            <div>
              <div
                class="ui-modal fade-enter"
                style="animation-duration: 300ms; position: fixed;"
              >
                <div
                  class="ui-modal-wrapper"
                >
                  <div
                    class="ui-modal-dialog zoom-enter"
                    style="width: 270px; min-width: 270px; animation-duration: 300ms;"
                    tabindex="-1"
                  >
                    <div
                      class="ui-modal-header"
                      style="display: none;"
                    >
                      <div
                        class="ui-modal-title"
                      />
                      <div
                        class="ui-modal-close"
                      >
                        <i
                          class="zw-icon zw-icon--wrong zw-icon--default zw-icon--md"
                          theme="default"
                          type="wrong"
                        >
                          <svg
                            fill="currentColor"
                            height="1em"
                            viewBox="0 0 32 32"
                            width="1em"
                          >
                            <use
                              xlink:href="#wrong"
                            />
                          </svg>
                        </i>
                      </div>
                    </div>
                    <div
                      class="ui-modal-body"
                      style="height: auto;"
                    >
                      <div
                        class="ui-confirm"
                      >
                        <i
                          class="zw-icon zw-icon--question-round zw-icon--default zw-icon--md"
                          theme="default"
                          type="question-round"
                        >
                          <svg
                            fill="currentColor"
                            height="1em"
                            viewBox="0 0 32 32"
                            width="1em"
                          >
                            <use
                              xlink:href="#question-round"
                            />
                          </svg>
                        </i>
                        <span>
                          确认删除吗？
                        </span>
                      </div>
                    </div>
                    <div
                      class="ui-modal-footer"
                    >
                      <button
                        class="zw-button zw-button--default zw-button--md zw-button--radius"
                        type="button"
                      >
                        <span>
                          取消
                        </span>
                      </button>
                      <button
                        class="zw-button zw-button--primary zw-button--md zw-button--radius"
                        type="button"
                      >
                        <span>
                          确定
                        </span>
                      </button>
                    </div>
                  </div>
                </div>
              </div>
            </div>
          }
        >
          <div
            className="ui-modal fade-enter"
            onClick={[Function]}
            style={
              Object {
                "animationDuration": "300ms",
                "position": "fixed",
              }
            }
          >
            <div
              className="ui-modal-wrapper"
            >
              <div
                className="ui-modal-dialog zoom-enter"
                onClick={[Function]}
                onKeyDown={[Function]}
                onKeyPress={[Function]}
                style={
                  Object {
                    "animationDuration": "300ms",
                    "minWidth": 270,
                    "width": 270,
                  }
                }
                tabIndex={-1}
              >
                <ModalHeader
                  onClose={[Function]}
                  prefixCls="ui-modal"
                  style={
                    Object {
                      "display": "none",
                    }
                  }
                  title=""
                >
                  <div
                    className="ui-modal-header"
                    style={
                      Object {
                        "display": "none",
                      }
                    }
                  >
                    <div
                      className="ui-modal-title"
                    />
                    <div
                      className="ui-modal-close"
                      onClick={[Function]}
                    >
                      <Icon
                        prefixCls="zw-icon"
                        size="md"
                        theme="default"
                        type="wrong"
                        viewBox="0 0 32 32"
                      >
                        <Iconfont
                          className="zw-icon zw-icon--wrong zw-icon--default zw-icon--md"
                          size="md"
                          theme="default"
                          type="wrong"
                        >
                          <Icon
                            className="zw-icon zw-icon--wrong zw-icon--default zw-icon--md"
                            prefixCls="zw-icon"
                            size="md"
                            theme="default"
                            type="wrong"
                            viewBox="0 0 32 32"
                          >
                            <i
                              className="zw-icon zw-icon--wrong zw-icon--default zw-icon--md"
                              size="md"
                              theme="default"
                              type="wrong"
                            >
                              <svg
                                fill="currentColor"
                                height="1em"
                                viewBox="0 0 32 32"
                                width="1em"
                              >
                                <use
                                  xlinkHref="#wrong"
                                />
                              </svg>
                            </i>
                          </Icon>
                        </Iconfont>
                      </Icon>
                    </div>
                  </div>
                </ModalHeader>
                <ModalBody
                  height="auto"
                  prefixCls="ui-modal"
                  style={Object {}}
                >
                  <div
                    className="ui-modal-body"
                    style={
                      Object {
                        "height": "auto",
                      }
                    }
                  >
                    <div
                      className="ui-confirm"
                    >
                      <Icon
                        prefixCls="zw-icon"
                        size="md"
                        theme="default"
                        type="question-round"
                        viewBox="0 0 32 32"
                      >
                        <Iconfont
                          className="zw-icon zw-icon--question-round zw-icon--default zw-icon--md"
                          size="md"
                          theme="default"
                          type="question-round"
                        >
                          <Icon
                            className="zw-icon zw-icon--question-round zw-icon--default zw-icon--md"
                            prefixCls="zw-icon"
                            size="md"
                            theme="default"
                            type="question-round"
                            viewBox="0 0 32 32"
                          >
                            <i
                              className="zw-icon zw-icon--question-round zw-icon--default zw-icon--md"
                              size="md"
                              theme="default"
                              type="question-round"
                            >
                              <svg
                                fill="currentColor"
                                height="1em"
                                viewBox="0 0 32 32"
                                width="1em"
                              >
                                <use
                                  xlinkHref="#question-round"
                                />
                              </svg>
                            </i>
                          </Icon>
                        </Iconfont>
                      </Icon>
                      <span>
                        确认删除吗？
                      </span>
                    </div>
                  </div>
                </ModalBody>
                <ModalFooter
                  prefixCls="ui-modal"
                  style={Object {}}
                >
                  <div
                    className="ui-modal-footer"
                    style={Object {}}
                  >
                    <Button
                      ghost={false}
                      htmlType="button"
                      loading={false}
                      onClick={[Function]}
                      prefixCls="zw-button"
                      shape="radius"
                      size="md"
                      theme="default"
                    >
                      <button
                        className="zw-button zw-button--default zw-button--md zw-button--radius"
                        onClick={[Function]}
                        type="button"
                      >
                        <span>
                          取消
                        </span>
                      </button>
                    </Button>
                    <Button
                      ghost={false}
                      htmlType="button"
                      loading={false}
                      onClick={[Function]}
                      prefixCls="zw-button"
                      shape="radius"
                      size="md"
                      theme="primary"
                    >
                      <button
                        className="zw-button zw-button--primary zw-button--md zw-button--radius"
                        onClick={[Function]}
                        type="button"
                      >
                        <span>
                          确定
                        </span>
                      </button>
                    </Button>
                  </div>
                </ModalFooter>
              </div>
            </div>
          </div>
        </Portal>
      </Modal>
    </ConfirmExtension>
  </LocaleReceiver>
</ForwardRef(forwardRef)>
`;
