// Jest Snapshot v1, https://goo.gl/fbAQLP

exports[`Popover renders normal Popover correctly 1`] = `
<Popover
  content="确认删除吗"
  direction="top"
  hasArrow={true}
  prefixCls="zw-popover"
  shape="radius"
  trigger="hover"
>
  <Popper
    animationDuration={300}
    animationType="zoomFade"
    arrowPointAtCenter={false}
    content="确认删除吗"
    destroy={true}
    direction="top"
    hasArrow={true}
    mouseEnterDelay={150}
    mouseLeaveDelay={100}
    onVisibleChange={[Function]}
    prefixCls="zw-popover"
    shape="radius"
    trigger="hover"
    visible={false}
  >
    <Button
      ghost={false}
      htmlType="button"
      loading={false}
      onClick={[Function]}
      onMouseLeave={[Function]}
      onMouseOver={[Function]}
      prefixCls="zw-button"
      shape="radius"
      size="md"
      theme="default"
    >
      <button
        className="zw-button zw-button--default zw-button--md zw-button--radius"
        onClick={[Function]}
        onMouseLeave={[Function]}
        onMouseOver={[Function]}
        type="button"
      >
        <span>
          Delete
        </span>
      </button>
    </Button>
  </Popper>
</Popover>
`;
