// Jest Snapshot v1, https://goo.gl/fbAQLP

exports[`Loading renders hidden Loading correctly 1`] = `
<div
  class="zw-loading"
>
  这里是内容
</div>
`;

exports[`Loading renders visible Loading correctly 1`] = `
<div
  class="zw-loading"
  style="position:relative"
>
  <div
    class="zw-loading__mask"
  >
    <div
      class="zw-loading__spin"
    >
      <svg
        class="zw-loading__svg"
        viewBox="25 25 50 50"
      >
        <circle
          cx="50"
          cy="50"
          fill="none"
          r="20"
          stroke="#E6E6E6"
        />
        <circle
          class="zw-loading__path"
          cx="50"
          cy="50"
          fill="none"
          r="20"
        />
      </svg>
    </div>
  </div>
  这里是内容
</div>
`;
