// Jest Snapshot v1, https://goo.gl/fbAQLP

exports[`Step renders normal Step correctly 1`] = `
<div>
  <div
    class="ui-step"
  >
    <div
      class="ui-step-item ui-step-item-finish"
      style="width:100%"
    >
      <div
        class="ui-step-item-line"
      />
      <div
        class="ui-step-item-header"
      >
        <div
          class="ui-step-item-header-inner"
        >
          <span>
            <i
              class="ui-icon ui-icon-right theme-default"
            />
          </span>
        </div>
      </div>
      <div
        class="ui-step-item-body"
      >
        投保单基本信息
      </div>
    </div>
    <div
      class="ui-step-item ui-step-item-finish"
      style="width:100%"
    >
      <div
        class="ui-step-item-line"
      />
      <div
        class="ui-step-item-header"
      >
        <div
          class="ui-step-item-header-inner"
        >
          <span>
            <i
              class="ui-icon ui-icon-right theme-default"
            />
          </span>
        </div>
      </div>
      <div
        class="ui-step-item-body"
      >
        投保单位录入
      </div>
    </div>
    <div
      class="ui-step-item ui-step-item-process"
      style="width:100%"
    >
      <div
        class="ui-step-item-line"
      />
      <div
        class="ui-step-item-header"
      >
        <div
          class="ui-step-item-header-inner"
        >
          <span>
            3
          </span>
        </div>
      </div>
      <div
        class="ui-step-item-body"
      >
        产品选择
      </div>
    </div>
    <div
      class="ui-step-item"
      style="width:100%"
    >
      <div
        class="ui-step-item-line"
      />
      <div
        class="ui-step-item-header"
      >
        <div
          class="ui-step-item-header-inner"
        >
          <span>
            4
          </span>
        </div>
      </div>
      <div
        class="ui-step-item-body"
      >
        总单险种定义
      </div>
    </div>
    <div
      class="ui-step-item"
      style="width:100%"
    >
      <div
        class="ui-step-item-line"
      />
      <div
        class="ui-step-item-header"
      >
        <div
          class="ui-step-item-header-inner"
        >
          <span>
            5
          </span>
        </div>
      </div>
      <div
        class="ui-step-item-body"
      >
        计划创建
      </div>
    </div>
    <div
      class="ui-step-item"
      style="width:100%"
    >
      <div
        class="ui-step-item-line"
      />
      <div
        class="ui-step-item-header"
      >
        <div
          class="ui-step-item-header-inner"
        >
          <span>
            6
          </span>
        </div>
      </div>
      <div
        class="ui-step-item-body"
      >
        被保人清单导入
      </div>
    </div>
    <div
      class="ui-step-item"
      style="width:100%"
    >
      <div
        class="ui-step-item-line"
      />
      <div
        class="ui-step-item-header"
      >
        <div
          class="ui-step-item-header-inner"
        >
          <span>
            7
          </span>
        </div>
      </div>
      <div
        class="ui-step-item-body"
      >
        录入完成
      </div>
    </div>
  </div>
</div>
`;
