// Jest Snapshot v1, https://goo.gl/fbAQLP

exports[`Alert renders basic Alert correctly 1`] = `
<LocaleReceiver
  message="这是一个警告框"
  onClose={[Function]}
  theme="warning"
  visible={true}
>
  <AlertExtension
    className=""
    closable={true}
    hideIcon={false}
    locale={
      Object {
        "close": "关闭",
      }
    }
    localeCode="zh-cn"
    message="这是一个警告框"
    onClose={[Function]}
    prefixCls="ui-alert"
    theme="warning"
    visible={true}
    width={270}
  >
    <Modal
      animationDuration={300}
      animationType="zoom"
      className=""
      isRadius={false}
      isRound={false}
      minWidth={270}
      onMaskClick={[Function]}
      prefixCls="ui-modal"
      visible={true}
      width={270}
    >
      <div
        className="ui-modal fade-enter"
        onClick={[Function]}
        style={
          Object {
            "MozAnimationDuration": "300ms",
            "OAnimationDuration": "300ms",
            "WebkitAnimationDuration": "300ms",
            "animationDuration": "300ms",
            "msAnimationDuration": "300ms",
            "position": "fixed",
          }
        }
      >
        <div
          className="ui-modal-wrapper"
        >
          <div
            className="ui-modal-dialog zoom-enter"
            onClick={[Function]}
            style={
              Object {
                "MozAnimationDuration": "300ms",
                "OAnimationDuration": "300ms",
                "WebkitAnimationDuration": "300ms",
                "animationDuration": "300ms",
                "minWidth": 270,
                "msAnimationDuration": "300ms",
                "width": 270,
              }
            }
          >
            <ModalBody
              height="auto"
              prefixCls="ui-modal"
              style={Object {}}
            >
              <div
                className="ui-modal-body"
                style={
                  Object {
                    "height": "auto",
                  }
                }
              >
                <div
                  className="ui-alert"
                >
                  <Icon
                    className=""
                    onClick={[Function]}
                    prefixCls="ui-icon"
                    style={Object {}}
                    theme="warning"
                    type="warning-round"
                  >
                    <i
                      className="ui-icon ui-icon-warning-round theme-warning"
                      onClick={[Function]}
                      style={Object {}}
                    />
                  </Icon>
                  <span>
                    这是一个警告框
                  </span>
                </div>
              </div>
            </ModalBody>
            <ModalFooter
              prefixCls="ui-modal"
              style={Object {}}
            >
              <div
                className="ui-modal-footer"
                style={Object {}}
              >
                <Button
                  className={null}
                  isActive={false}
                  isBlock={false}
                  isCircle={false}
                  isDisabled={false}
                  isFocus={false}
                  isLoading={false}
                  isRadius={false}
                  isRound={false}
                  onClick={[Function]}
                  prefixCls="ui-button"
                  size={null}
                  style={Object {}}
                  theme="default"
                  type="button"
                >
                  <button
                    className="ui-button theme-default"
                    disabled={false}
                    onClick={[Function]}
                    style={Object {}}
                    type="button"
                  >
                    关闭
                  </button>
                </Button>
              </div>
            </ModalFooter>
          </div>
        </div>
      </div>
    </Modal>
  </AlertExtension>
</LocaleReceiver>
`;
